chr5:372378-374378 # AHRR
chr6:11043877-11045877 # ELOVL2
chr6:291329-293329 # DUSP22
chr12:739000-741000 # NINJ2
chr1:205818132-205820132 # meQTL2
chr9:124988248-124990248 # meQTL3
chr12:96583672-96585672 # Bcellspecific
